// Jest Snapshot v1, https://goo.gl/fbAQLP

exports[`<FormSignIn /> should render the heading 1`] = `
<main
  class=""
>
  <h1>
    FormSignIn
  </h1>
</main>
`
